[sanity] 접근16 reconstructed OOF macro F1 = 0.5309 (expect ~0.5306-0.5309)
[sanity] NB standalone OOF acc = 0.2867, macroF1 = 0.2383

====================================================================================================
PART A: 2-region NB weight candidates
====================================================================================================
BASE(.15/.15)            overall=0.5309 (Δ+0.0000)  <=30 Δ+0.0000  >30 Δ+0.0000
<=30:.10 / >30:.20       overall=0.5261 (Δ-0.0048)  <=30 Δ-0.0059  >30 Δ-0.0124
<=30:.10 / >30:.25       overall=0.5207 (Δ-0.0102)  <=30 Δ-0.0059  >30 Δ-0.0117
<=30:.05 / >30:.25       overall=0.5180 (Δ-0.0129)  <=30 Δ-0.0091  >30 Δ-0.0117
<=30:.15 / >30:.25       overall=0.5226 (Δ-0.0083)  <=30 Δ+0.0000  >30 Δ-0.0117

| weight rule | Overall OOF | Δ vs 접근16 | ≤30 구간 Δ | >30 구간 Δ | 판정 |
|---|---|---|---|---|---|
| BASE(.15/.15) | 0.5309 | +0.0000 | +0.0000 | +0.0000 | NO-GO |
| <=30:.10 / >30:.20 | 0.5261 | -0.0048 | -0.0059 | -0.0124 | NO-GO |
| <=30:.10 / >30:.25 | 0.5207 | -0.0102 | -0.0059 | -0.0117 | NO-GO |
| <=30:.05 / >30:.25 | 0.5180 | -0.0129 | -0.0091 | -0.0117 | NO-GO |
| <=30:.15 / >30:.25 | 0.5226 | -0.0083 | +0.0000 | -0.0117 | NO-GO |

====================================================================================================
PART B: 397+ mechanism deep dive
====================================================================================================

[B-1] 397+ N = 61 / 6201 (0.98%)

Per-class breakdown (397+):
class          n    NB acc   v4s acc   ens16 acc  NB margin(med)
BRCA           3     0.000     0.000       0.000          109.66
CESC           2     0.500     0.500       0.500           38.23
COAD           9     0.111     0.444       0.111           41.22
DLBC           1     1.000     1.000       1.000           56.64
LUSC           1     0.000     0.000       0.000          232.87
PAAD           1     0.000     0.000       0.000           97.91
SKCM          17     0.941     1.000       0.941          223.15
STES          12     0.917     0.917       0.917           44.18
UCEC          15     0.600     0.867       0.733           36.18

Top-2 classes by N account for 52.5% of 397+ samples (concentration check: CONCENTRATED)

overall NB acc in 397+ = 0.6393 (context claims 63.9%)

bin              n    NB acc   NB margin(mean)  correct margin  wrong margin
1-30          4727     0.247             0.792           1.251         0.642
31-100         993     0.373             3.407           6.668         1.470
101-396        326     0.607            28.369          41.308         8.355
397+            61     0.639           186.194         233.295       102.697

[B-4] 397+ margin: correct vs incorrect NB predictions
correct n=39, mean margin=233.295, median=61.436
wrong   n=22, mean margin=102.697, median=86.193
MWU(correct > wrong) p=0.1898
fraction of WRONG 397+ preds with margin >= correct-median(61.44): 59.1%

====================================================================================================
[B-2/B-3] Evidence-quantity vs signature-clarity: token subsampling probe
====================================================================================================

subsample size         n    accuracy   mean margin   median margin
20                    61       0.279        23.357          15.453
50                    61       0.393        31.674          22.196
100                   61       0.475        45.830          31.389
200                   61       0.492        61.958          36.036
full                  61       0.639       186.194          75.051

====================================================================================================
[B-5/B-6] Per-feature contribution concentration to NB margin
====================================================================================================

bin            n  top1 share  top5 share  top10 share  top20 share    gini
1-30         400       0.379       0.846        0.974        1.000   0.987
31-100       400       0.158       0.494        0.721        0.937   0.962
101-396      326       0.175       0.462        0.636        0.819   0.945
397+          61       0.170       0.437        0.610        0.768   0.929

[B-7] Finer subdivision of 397+ to test boundary vs continuous trend
101-200    n=207    NB acc=0.556  mean margin=19.23
201-396    n=119    NB acc=0.697  mean margin=44.26
397-500    n=24     NB acc=0.708  mean margin=87.50
501-700    n=11     NB acc=0.727  mean margin=202.46
701+       n=26     NB acc=0.538  mean margin=270.42

====================================================================================================
[B-8] NB-vs-v4s(XGB) rescue structure
====================================================================================================

-- 전체 (train) (n=6201) --
group                    n  mean burden   NB margin
both correct          1266         71.6       16.25
NB-only correct        512         26.3        1.23
XGB-only correct      1820         29.7        1.41
both wrong            2603         23.3        1.54

-- 397+ 전용 (n=61) --
group                    n  mean burden   NB margin
both correct            38        755.2      239.08
NB-only correct          1       1288.0       13.37
XGB-only correct         9        855.6       89.49
both wrong              13        870.7      111.84

[DONE] all sections complete.
